Archive member included to satisfy reference by file (symbol)

/usr/lib/gcc/avr/5.4.0/avr4/libgcc.a(_exit.o)
                              /usr/lib/gcc/avr/5.4.0/../../../avr/lib/avr4/crtatmega8.o (exit)
/usr/lib/gcc/avr/5.4.0/avr4/libgcc.a(_ashldi3.o)
                              ./avr-ds18b20-master/include/ds18b20/romsearch.o (__ashldi3)
/usr/lib/gcc/avr/5.4.0/avr4/libgcc.a(_cmpdi2.o)
                              ./avr-ds18b20-master/include/ds18b20/romsearch.o (__cmpdi2)
/usr/lib/gcc/avr/5.4.0/avr4/libgcc.a(_cmpdi2_s8.o)
                              ./avr-ds18b20-master/include/ds18b20/romsearch.o (__cmpdi2_s8)
/usr/lib/gcc/avr/5.4.0/../../../avr/lib/avr4/libm.a(divsf3.o)
                              ./main.o (__divsf3)
/usr/lib/gcc/avr/5.4.0/../../../avr/lib/avr4/libm.a(divsf3x.o)
                              /usr/lib/gcc/avr/5.4.0/../../../avr/lib/avr4/libm.a(divsf3.o) (__divsf3x)
/usr/lib/gcc/avr/5.4.0/../../../avr/lib/avr4/libm.a(fixunssfsi.o)
                              ./main.o (__fixunssfsi)
/usr/lib/gcc/avr/5.4.0/../../../avr/lib/avr4/libm.a(floatsisf.o)
                              ./main.o (__floatunsisf)
/usr/lib/gcc/avr/5.4.0/../../../avr/lib/avr4/libm.a(fp_inf.o)
                              /usr/lib/gcc/avr/5.4.0/../../../avr/lib/avr4/libm.a(divsf3x.o) (__fp_inf)
/usr/lib/gcc/avr/5.4.0/../../../avr/lib/avr4/libm.a(fp_nan.o)
                              /usr/lib/gcc/avr/5.4.0/../../../avr/lib/avr4/libm.a(divsf3x.o) (__fp_nan)
/usr/lib/gcc/avr/5.4.0/../../../avr/lib/avr4/libm.a(fp_pscA.o)
                              /usr/lib/gcc/avr/5.4.0/../../../avr/lib/avr4/libm.a(divsf3x.o) (__fp_pscA)
/usr/lib/gcc/avr/5.4.0/../../../avr/lib/avr4/libm.a(fp_pscB.o)
                              /usr/lib/gcc/avr/5.4.0/../../../avr/lib/avr4/libm.a(divsf3x.o) (__fp_pscB)
/usr/lib/gcc/avr/5.4.0/../../../avr/lib/avr4/libm.a(fp_round.o)
                              /usr/lib/gcc/avr/5.4.0/../../../avr/lib/avr4/libm.a(divsf3.o) (__fp_round)
/usr/lib/gcc/avr/5.4.0/../../../avr/lib/avr4/libm.a(fp_split3.o)
                              /usr/lib/gcc/avr/5.4.0/../../../avr/lib/avr4/libm.a(divsf3x.o) (__fp_split3)
/usr/lib/gcc/avr/5.4.0/../../../avr/lib/avr4/libm.a(fp_zero.o)
                              /usr/lib/gcc/avr/5.4.0/../../../avr/lib/avr4/libm.a(fixunssfsi.o) (__fp_zero)
/usr/lib/gcc/avr/5.4.0/../../../avr/lib/avr4/libm.a(mulsf3.o)
                              ./main.o (__mulsf3)
/usr/lib/gcc/avr/5.4.0/../../../avr/lib/avr4/libm.a(mulsf3x.o)
                              /usr/lib/gcc/avr/5.4.0/../../../avr/lib/avr4/libm.a(mulsf3.o) (__mulsf3x)

Memory Configuration

Name             Origin             Length             Attributes
text             0x0000000000000000 0x0000000000002000 xr
data             0x0000000000800060 0x000000000000ffa0 rw !x
eeprom           0x0000000000810000 0x0000000000010000 rw !x
fuse             0x0000000000820000 0x0000000000000002 rw !x
lock             0x0000000000830000 0x0000000000000400 rw !x
signature        0x0000000000840000 0x0000000000000400 rw !x
user_signatures  0x0000000000850000 0x0000000000000400 rw !x
*default*        0x0000000000000000 0xffffffffffffffff

Linker script and memory map

LOAD /usr/lib/gcc/avr/5.4.0/../../../avr/lib/avr4/crtatmega8.o
LOAD ./avr-ds18b20-master/include/ds18b20/ds18b20.o
LOAD ./avr-ds18b20-master/include/ds18b20/onewire.o
LOAD ./avr-ds18b20-master/include/ds18b20/romsearch.o
LOAD ./main.o
START GROUP
LOAD /usr/lib/gcc/avr/5.4.0/avr4/libgcc.a
LOAD /usr/lib/gcc/avr/5.4.0/../../../avr/lib/avr4/libm.a
LOAD /usr/lib/gcc/avr/5.4.0/../../../avr/lib/avr4/libc.a
LOAD /usr/lib/gcc/avr/5.4.0/../../../avr/lib/avr4/libatmega8.a
END GROUP
                0x0000000000000000                __TEXT_REGION_ORIGIN__ = DEFINED (__TEXT_REGION_ORIGIN__)?__TEXT_REGION_ORIGIN__:0x0
                0x0000000000800060                __DATA_REGION_ORIGIN__ = DEFINED (__DATA_REGION_ORIGIN__)?__DATA_REGION_ORIGIN__:0x800060
                0x0000000000002000                __TEXT_REGION_LENGTH__ = DEFINED (__TEXT_REGION_LENGTH__)?__TEXT_REGION_LENGTH__:0x2000
                0x000000000000ffa0                __DATA_REGION_LENGTH__ = DEFINED (__DATA_REGION_LENGTH__)?__DATA_REGION_LENGTH__:0xffa0
                0x0000000000010000                __EEPROM_REGION_LENGTH__ = DEFINED (__EEPROM_REGION_LENGTH__)?__EEPROM_REGION_LENGTH__:0x10000
                [0x0000000000000002]                __FUSE_REGION_LENGTH__ = DEFINED (__FUSE_REGION_LENGTH__)?__FUSE_REGION_LENGTH__:0x400
                0x0000000000000400                __LOCK_REGION_LENGTH__ = DEFINED (__LOCK_REGION_LENGTH__)?__LOCK_REGION_LENGTH__:0x400
                0x0000000000000400                __SIGNATURE_REGION_LENGTH__ = DEFINED (__SIGNATURE_REGION_LENGTH__)?__SIGNATURE_REGION_LENGTH__:0x400
                0x0000000000000400                __USER_SIGNATURE_REGION_LENGTH__ = DEFINED (__USER_SIGNATURE_REGION_LENGTH__)?__USER_SIGNATURE_REGION_LENGTH__:0x400

.hash
 *(.hash)

.dynsym
 *(.dynsym)

.dynstr
 *(.dynstr)

.gnu.version
 *(.gnu.version)

.gnu.version_d
 *(.gnu.version_d)

.gnu.version_r
 *(.gnu.version_r)

.rel.init
 *(.rel.init)

.rela.init
 *(.rela.init)

.rel.text
 *(.rel.text)
 *(.rel.text.*)
 *(.rel.gnu.linkonce.t*)

.rela.text
 *(.rela.text)
 *(.rela.text.*)
 *(.rela.gnu.linkonce.t*)

.rel.fini
 *(.rel.fini)

.rela.fini
 *(.rela.fini)

.rel.rodata
 *(.rel.rodata)
 *(.rel.rodata.*)
 *(.rel.gnu.linkonce.r*)

.rela.rodata
 *(.rela.rodata)
 *(.rela.rodata.*)
 *(.rela.gnu.linkonce.r*)

.rel.data
 *(.rel.data)
 *(.rel.data.*)
 *(.rel.gnu.linkonce.d*)

.rela.data
 *(.rela.data)
 *(.rela.data.*)
 *(.rela.gnu.linkonce.d*)

.rel.ctors
 *(.rel.ctors)

.rela.ctors
 *(.rela.ctors)

.rel.dtors
 *(.rel.dtors)

.rela.dtors
 *(.rela.dtors)

.rel.got
 *(.rel.got)

.rela.got
 *(.rela.got)

.rel.bss
 *(.rel.bss)

.rela.bss
 *(.rela.bss)

.rel.plt
 *(.rel.plt)

.rela.plt
 *(.rela.plt)

.text           0x0000000000000000      0xe6a
 *(.vectors)
 .vectors       0x0000000000000000       0x26 /usr/lib/gcc/avr/5.4.0/../../../avr/lib/avr4/crtatmega8.o
                0x0000000000000000                __vectors
                0x0000000000000000                __vector_default
 *(.vectors)
 *(.progmem.gcc*)
                0x0000000000000026                . = ALIGN (0x2)
                0x0000000000000026                __trampolines_start = .
 *(.trampolines)
 .trampolines   0x0000000000000026        0x0 linker stubs
 *(.trampolines*)
                0x0000000000000026                __trampolines_end = .
 *libprintf_flt.a:*(.progmem.data)
 *libc.a:*(.progmem.data)
 *(.progmem*)
                0x0000000000000026                . = ALIGN (0x2)
 *(.jumptables)
 *(.jumptables*)
 *(.lowtext)
 *(.lowtext*)
                0x0000000000000026                __ctors_start = .
 *(.ctors)
                0x0000000000000026                __ctors_end = .
                0x0000000000000026                __dtors_start = .
 *(.dtors)
                0x0000000000000026                __dtors_end = .
 SORT(*)(.ctors)
 SORT(*)(.dtors)
 *(.init0)
 .init0         0x0000000000000026        0x0 /usr/lib/gcc/avr/5.4.0/../../../avr/lib/avr4/crtatmega8.o
                0x0000000000000026                __init
 *(.init0)
 *(.init1)
 *(.init1)
 *(.init2)
 .init2         0x0000000000000026        0xc /usr/lib/gcc/avr/5.4.0/../../../avr/lib/avr4/crtatmega8.o
 *(.init2)
 *(.init3)
 *(.init3)
 *(.init4)
 *(.init4)
 *(.init5)
 *(.init5)
 *(.init6)
 *(.init6)
 *(.init7)
 *(.init7)
 *(.init8)
 *(.init8)
 *(.init9)
 .init9         0x0000000000000032        0x4 /usr/lib/gcc/avr/5.4.0/../../../avr/lib/avr4/crtatmega8.o
 *(.init9)
 *(.text)
 .text          0x0000000000000036        0x2 /usr/lib/gcc/avr/5.4.0/../../../avr/lib/avr4/crtatmega8.o
                0x0000000000000036                __vector_1
                0x0000000000000036                __vector_12
                0x0000000000000036                __bad_interrupt
                0x0000000000000036                __vector_6
                0x0000000000000036                __vector_3
                0x0000000000000036                __vector_11
                0x0000000000000036                __vector_13
                0x0000000000000036                __vector_17
                0x0000000000000036                __vector_7
                0x0000000000000036                __vector_5
                0x0000000000000036                __vector_4
                0x0000000000000036                __vector_9
                0x0000000000000036                __vector_2
                0x0000000000000036                __vector_15
                0x0000000000000036                __vector_8
                0x0000000000000036                __vector_14
                0x0000000000000036                __vector_10
                0x0000000000000036                __vector_16
                0x0000000000000036                __vector_18
 .text          0x0000000000000038        0x0 ./avr-ds18b20-master/include/ds18b20/ds18b20.o
 .text          0x0000000000000038        0x0 ./avr-ds18b20-master/include/ds18b20/onewire.o
 .text          0x0000000000000038        0x0 ./avr-ds18b20-master/include/ds18b20/romsearch.o
 .text          0x0000000000000038        0x0 ./main.o
 .text          0x0000000000000038        0x0 /usr/lib/gcc/avr/5.4.0/avr4/libgcc.a(_exit.o)
 .text          0x0000000000000038        0x0 /usr/lib/gcc/avr/5.4.0/avr4/libgcc.a(_ashldi3.o)
 .text          0x0000000000000038        0x0 /usr/lib/gcc/avr/5.4.0/avr4/libgcc.a(_cmpdi2.o)
 .text          0x0000000000000038        0x0 /usr/lib/gcc/avr/5.4.0/avr4/libgcc.a(_cmpdi2_s8.o)
 .text          0x0000000000000038        0x0 /usr/lib/gcc/avr/5.4.0/../../../avr/lib/avr4/libm.a(divsf3.o)
 .text          0x0000000000000038        0x0 /usr/lib/gcc/avr/5.4.0/../../../avr/lib/avr4/libm.a(divsf3x.o)
 .text          0x0000000000000038        0x0 /usr/lib/gcc/avr/5.4.0/../../../avr/lib/avr4/libm.a(fixunssfsi.o)
 .text          0x0000000000000038        0x0 /usr/lib/gcc/avr/5.4.0/../../../avr/lib/avr4/libm.a(floatsisf.o)
 .text          0x0000000000000038        0x0 /usr/lib/gcc/avr/5.4.0/../../../avr/lib/avr4/libm.a(fp_inf.o)
 .text          0x0000000000000038        0x0 /usr/lib/gcc/avr/5.4.0/../../../avr/lib/avr4/libm.a(fp_nan.o)
 .text          0x0000000000000038        0x0 /usr/lib/gcc/avr/5.4.0/../../../avr/lib/avr4/libm.a(fp_pscA.o)
 .text          0x0000000000000038        0x0 /usr/lib/gcc/avr/5.4.0/../../../avr/lib/avr4/libm.a(fp_pscB.o)
 .text          0x0000000000000038        0x0 /usr/lib/gcc/avr/5.4.0/../../../avr/lib/avr4/libm.a(fp_round.o)
 .text          0x0000000000000038        0x0 /usr/lib/gcc/avr/5.4.0/../../../avr/lib/avr4/libm.a(fp_split3.o)
 .text          0x0000000000000038        0x0 /usr/lib/gcc/avr/5.4.0/../../../avr/lib/avr4/libm.a(fp_zero.o)
 .text          0x0000000000000038        0x0 /usr/lib/gcc/avr/5.4.0/../../../avr/lib/avr4/libm.a(mulsf3.o)
 .text          0x0000000000000038        0x0 /usr/lib/gcc/avr/5.4.0/../../../avr/lib/avr4/libm.a(mulsf3x.o)
                0x0000000000000038                . = ALIGN (0x2)
 *(.text.*)
 .text.ds18b20crc8
                0x0000000000000038       0x36 ./avr-ds18b20-master/include/ds18b20/ds18b20.o
                0x0000000000000038                ds18b20crc8
 .text.ds18b20match
                0x000000000000006e       0x68 ./avr-ds18b20-master/include/ds18b20/ds18b20.o
                0x000000000000006e                ds18b20match
 .text.ds18b20convert
                0x00000000000000d6       0x4c ./avr-ds18b20-master/include/ds18b20/ds18b20.o
                0x00000000000000d6                ds18b20convert
 .text.ds18b20rsp
                0x0000000000000122       0xd6 ./avr-ds18b20-master/include/ds18b20/ds18b20.o
                0x0000000000000122                ds18b20rsp
 .text.ds18b20wsp
                0x00000000000001f8       0x7c ./avr-ds18b20-master/include/ds18b20/ds18b20.o
                0x00000000000001f8                ds18b20wsp
 .text.ds18b20csp
                0x0000000000000274       0x5a ./avr-ds18b20-master/include/ds18b20/ds18b20.o
                0x0000000000000274                ds18b20csp
 .text.ds18b20read
                0x00000000000002ce       0x6a ./avr-ds18b20-master/include/ds18b20/ds18b20.o
                0x00000000000002ce                ds18b20read
 .text.ds18b20rom
                0x0000000000000338       0xe2 ./avr-ds18b20-master/include/ds18b20/ds18b20.o
                0x0000000000000338                ds18b20rom
 .text.onewireInit
                0x000000000000041a       0x62 ./avr-ds18b20-master/include/ds18b20/onewire.o
                0x000000000000041a                onewireInit
 .text.onewireWriteBit
                0x000000000000047c       0x58 ./avr-ds18b20-master/include/ds18b20/onewire.o
                0x000000000000047c                onewireWriteBit
 .text.onewireWrite
                0x00000000000004d4       0x6e ./avr-ds18b20-master/include/ds18b20/onewire.o
                0x00000000000004d4                onewireWrite
 .text.onewireReadBit
                0x0000000000000542       0x40 ./avr-ds18b20-master/include/ds18b20/onewire.o
                0x0000000000000542                onewireReadBit
 .text.onewireRead
                0x0000000000000582       0x7c ./avr-ds18b20-master/include/ds18b20/onewire.o
                0x0000000000000582                onewireRead
 .text.ds18b20search
                0x00000000000005fe      0x374 ./avr-ds18b20-master/include/ds18b20/romsearch.o
                0x00000000000005fe                ds18b20search
 .text.get_ADC  0x0000000000000972        0x6 ./main.o
                0x0000000000000972                get_ADC
 .text.calcVoltage
                0x0000000000000978       0x44 ./main.o
                0x0000000000000978                calcVoltage
 .text.startConvertion
                0x00000000000009bc        0x4 ./main.o
                0x00000000000009bc                startConvertion
 .text.get_Limit
                0x00000000000009c0       0x4c ./main.o
                0x00000000000009c0                get_Limit
 .text.initMCU  0x0000000000000a0c       0x14 ./main.o
                0x0000000000000a0c                initMCU
 .text.get_Temperature
                0x0000000000000a20       0x64 ./main.o
                0x0000000000000a20                get_Temperature
 .text.startup.main
                0x0000000000000a84       0x7c ./main.o
                0x0000000000000a84                main
 .text.libgcc.mul
                0x0000000000000b00        0x0 /usr/lib/gcc/avr/5.4.0/avr4/libgcc.a(_exit.o)
 .text.libgcc.div
                0x0000000000000b00        0x0 /usr/lib/gcc/avr/5.4.0/avr4/libgcc.a(_exit.o)
 .text.libgcc   0x0000000000000b00        0x0 /usr/lib/gcc/avr/5.4.0/avr4/libgcc.a(_exit.o)
 .text.libgcc.prologue
                0x0000000000000b00        0x0 /usr/lib/gcc/avr/5.4.0/avr4/libgcc.a(_exit.o)
 .text.libgcc.builtins
                0x0000000000000b00        0x0 /usr/lib/gcc/avr/5.4.0/avr4/libgcc.a(_exit.o)
 .text.libgcc.fmul
                0x0000000000000b00        0x0 /usr/lib/gcc/avr/5.4.0/avr4/libgcc.a(_exit.o)
 .text.libgcc.fixed
                0x0000000000000b00        0x0 /usr/lib/gcc/avr/5.4.0/avr4/libgcc.a(_exit.o)
 .text.libgcc.mul
                0x0000000000000b00        0x0 /usr/lib/gcc/avr/5.4.0/avr4/libgcc.a(_ashldi3.o)
 .text.libgcc.div
                0x0000000000000b00        0x0 /usr/lib/gcc/avr/5.4.0/avr4/libgcc.a(_ashldi3.o)
 .text.libgcc   0x0000000000000b00        0x0 /usr/lib/gcc/avr/5.4.0/avr4/libgcc.a(_ashldi3.o)
 .text.libgcc.prologue
                0x0000000000000b00        0x0 /usr/lib/gcc/avr/5.4.0/avr4/libgcc.a(_ashldi3.o)
 .text.libgcc.builtins
                0x0000000000000b00       0x32 /usr/lib/gcc/avr/5.4.0/avr4/libgcc.a(_ashldi3.o)
                0x0000000000000b00                __ashldi3
 .text.libgcc.fmul
                0x0000000000000b32        0x0 /usr/lib/gcc/avr/5.4.0/avr4/libgcc.a(_ashldi3.o)
 .text.libgcc.fixed
                0x0000000000000b32        0x0 /usr/lib/gcc/avr/5.4.0/avr4/libgcc.a(_ashldi3.o)
 .text.libgcc.mul
                0x0000000000000b32        0x0 /usr/lib/gcc/avr/5.4.0/avr4/libgcc.a(_cmpdi2.o)
 .text.libgcc.div
                0x0000000000000b32        0x0 /usr/lib/gcc/avr/5.4.0/avr4/libgcc.a(_cmpdi2.o)
 .text.libgcc   0x0000000000000b32       0x12 /usr/lib/gcc/avr/5.4.0/avr4/libgcc.a(_cmpdi2.o)
                0x0000000000000b32                __cmpdi2
 .text.libgcc.prologue
                0x0000000000000b44        0x0 /usr/lib/gcc/avr/5.4.0/avr4/libgcc.a(_cmpdi2.o)
 .text.libgcc.builtins
                0x0000000000000b44        0x0 /usr/lib/gcc/avr/5.4.0/avr4/libgcc.a(_cmpdi2.o)
 .text.libgcc.fmul
                0x0000000000000b44        0x0 /usr/lib/gcc/avr/5.4.0/avr4/libgcc.a(_cmpdi2.o)
 .text.libgcc.fixed
                0x0000000000000b44        0x0 /usr/lib/gcc/avr/5.4.0/avr4/libgcc.a(_cmpdi2.o)
 .text.libgcc.mul
                0x0000000000000b44        0x0 /usr/lib/gcc/avr/5.4.0/avr4/libgcc.a(_cmpdi2_s8.o)
 .text.libgcc.div
                0x0000000000000b44        0x0 /usr/lib/gcc/avr/5.4.0/avr4/libgcc.a(_cmpdi2_s8.o)
 .text.libgcc   0x0000000000000b44       0x18 /usr/lib/gcc/avr/5.4.0/avr4/libgcc.a(_cmpdi2_s8.o)
                0x0000000000000b44                __cmpdi2_s8
 .text.libgcc.prologue
                0x0000000000000b5c        0x0 /usr/lib/gcc/avr/5.4.0/avr4/libgcc.a(_cmpdi2_s8.o)
 .text.libgcc.builtins
                0x0000000000000b5c        0x0 /usr/lib/gcc/avr/5.4.0/avr4/libgcc.a(_cmpdi2_s8.o)
 .text.libgcc.fmul
                0x0000000000000b5c        0x0 /usr/lib/gcc/avr/5.4.0/avr4/libgcc.a(_cmpdi2_s8.o)
 .text.libgcc.fixed
                0x0000000000000b5c        0x0 /usr/lib/gcc/avr/5.4.0/avr4/libgcc.a(_cmpdi2_s8.o)
 .text.avr-libc.fplib
                0x0000000000000b5c        0x4 /usr/lib/gcc/avr/5.4.0/../../../avr/lib/avr4/libm.a(divsf3.o)
                0x0000000000000b5c                __divsf3
 .text.avr-libc.fplib
                0x0000000000000b60       0xcc /usr/lib/gcc/avr/5.4.0/../../../avr/lib/avr4/libm.a(divsf3x.o)
                0x0000000000000b76                __divsf3x
                0x0000000000000b7a                __divsf3_pse
 .text.avr-libc.fplib
                0x0000000000000c2c       0x58 /usr/lib/gcc/avr/5.4.0/../../../avr/lib/avr4/libm.a(fixunssfsi.o)
                0x0000000000000c2c                __fixunssfsi
 .text.avr-libc.fplib
                0x0000000000000c84       0x7a /usr/lib/gcc/avr/5.4.0/../../../avr/lib/avr4/libm.a(floatsisf.o)
                0x0000000000000c84                __floatunsisf
                0x0000000000000c88                __floatsisf
 .text.avr-libc.fplib
                0x0000000000000cfe        0xc /usr/lib/gcc/avr/5.4.0/../../../avr/lib/avr4/libm.a(fp_inf.o)
                0x0000000000000cfe                __fp_inf
 .text.avr-libc.fplib
                0x0000000000000d0a        0x6 /usr/lib/gcc/avr/5.4.0/../../../avr/lib/avr4/libm.a(fp_nan.o)
                0x0000000000000d0a                __fp_nan
 .text.avr-libc.fplib
                0x0000000000000d10        0xe /usr/lib/gcc/avr/5.4.0/../../../avr/lib/avr4/libm.a(fp_pscA.o)
                0x0000000000000d10                __fp_pscA
 .text.avr-libc.fplib
                0x0000000000000d1e        0xe /usr/lib/gcc/avr/5.4.0/../../../avr/lib/avr4/libm.a(fp_pscB.o)
                0x0000000000000d1e                __fp_pscB
 .text.avr-libc.fplib
                0x0000000000000d2c       0x22 /usr/lib/gcc/avr/5.4.0/../../../avr/lib/avr4/libm.a(fp_round.o)
                0x0000000000000d2c                __fp_round
 .text.avr-libc.fplib
                0x0000000000000d4e       0x44 /usr/lib/gcc/avr/5.4.0/../../../avr/lib/avr4/libm.a(fp_split3.o)
                0x0000000000000d4e                __fp_split3
                0x0000000000000d5e                __fp_splitA
 .text.avr-libc.fplib
                0x0000000000000d92        0xe /usr/lib/gcc/avr/5.4.0/../../../avr/lib/avr4/libm.a(fp_zero.o)
                0x0000000000000d92                __fp_zero
                0x0000000000000d94                __fp_szero
 .text.avr-libc.fplib
                0x0000000000000da0        0x4 /usr/lib/gcc/avr/5.4.0/../../../avr/lib/avr4/libm.a(mulsf3.o)
                0x0000000000000da0                __mulsf3
 .text.avr-libc.fplib
                0x0000000000000da4       0xc2 /usr/lib/gcc/avr/5.4.0/../../../avr/lib/avr4/libm.a(mulsf3x.o)
                0x0000000000000db8                __mulsf3x
                0x0000000000000dbc                __mulsf3_pse
                0x0000000000000e66                . = ALIGN (0x2)
 *(.fini9)
 .fini9         0x0000000000000e66        0x0 /usr/lib/gcc/avr/5.4.0/avr4/libgcc.a(_exit.o)
                0x0000000000000e66                exit
                0x0000000000000e66                _exit
 *(.fini9)
 *(.fini8)
 *(.fini8)
 *(.fini7)
 *(.fini7)
 *(.fini6)
 *(.fini6)
 *(.fini5)
 *(.fini5)
 *(.fini4)
 *(.fini4)
 *(.fini3)
 *(.fini3)
 *(.fini2)
 *(.fini2)
 *(.fini1)
 *(.fini1)
 *(.fini0)
 .fini0         0x0000000000000e66        0x4 /usr/lib/gcc/avr/5.4.0/avr4/libgcc.a(_exit.o)
 *(.fini0)
                0x0000000000000e6a                _etext = .

.data           0x0000000000800060        0x0 load address 0x0000000000000e6a
                [!provide]                        PROVIDE (__data_start, .)
 *(.data)
 .data          0x0000000000800060        0x0 /usr/lib/gcc/avr/5.4.0/../../../avr/lib/avr4/crtatmega8.o
 .data          0x0000000000800060        0x0 ./avr-ds18b20-master/include/ds18b20/ds18b20.o
 .data          0x0000000000800060        0x0 ./avr-ds18b20-master/include/ds18b20/onewire.o
 .data          0x0000000000800060        0x0 ./avr-ds18b20-master/include/ds18b20/romsearch.o
 .data          0x0000000000800060        0x0 ./main.o
 .data          0x0000000000800060        0x0 /usr/lib/gcc/avr/5.4.0/avr4/libgcc.a(_exit.o)
 .data          0x0000000000800060        0x0 /usr/lib/gcc/avr/5.4.0/avr4/libgcc.a(_ashldi3.o)
 .data          0x0000000000800060        0x0 /usr/lib/gcc/avr/5.4.0/avr4/libgcc.a(_cmpdi2.o)
 .data          0x0000000000800060        0x0 /usr/lib/gcc/avr/5.4.0/avr4/libgcc.a(_cmpdi2_s8.o)
 .data          0x0000000000800060        0x0 /usr/lib/gcc/avr/5.4.0/../../../avr/lib/avr4/libm.a(divsf3.o)
 .data          0x0000000000800060        0x0 /usr/lib/gcc/avr/5.4.0/../../../avr/lib/avr4/libm.a(divsf3x.o)
 .data          0x0000000000800060        0x0 /usr/lib/gcc/avr/5.4.0/../../../avr/lib/avr4/libm.a(fixunssfsi.o)
 .data          0x0000000000800060        0x0 /usr/lib/gcc/avr/5.4.0/../../../avr/lib/avr4/libm.a(floatsisf.o)
 .data          0x0000000000800060        0x0 /usr/lib/gcc/avr/5.4.0/../../../avr/lib/avr4/libm.a(fp_inf.o)
 .data          0x0000000000800060        0x0 /usr/lib/gcc/avr/5.4.0/../../../avr/lib/avr4/libm.a(fp_nan.o)
 .data          0x0000000000800060        0x0 /usr/lib/gcc/avr/5.4.0/../../../avr/lib/avr4/libm.a(fp_pscA.o)
 .data          0x0000000000800060        0x0 /usr/lib/gcc/avr/5.4.0/../../../avr/lib/avr4/libm.a(fp_pscB.o)
 .data          0x0000000000800060        0x0 /usr/lib/gcc/avr/5.4.0/../../../avr/lib/avr4/libm.a(fp_round.o)
 .data          0x0000000000800060        0x0 /usr/lib/gcc/avr/5.4.0/../../../avr/lib/avr4/libm.a(fp_split3.o)
 .data          0x0000000000800060        0x0 /usr/lib/gcc/avr/5.4.0/../../../avr/lib/avr4/libm.a(fp_zero.o)
 .data          0x0000000000800060        0x0 /usr/lib/gcc/avr/5.4.0/../../../avr/lib/avr4/libm.a(mulsf3.o)
 .data          0x0000000000800060        0x0 /usr/lib/gcc/avr/5.4.0/../../../avr/lib/avr4/libm.a(mulsf3x.o)
 *(.data*)
 *(.gnu.linkonce.d*)
 *(.rodata)
 *(.rodata*)
 *(.gnu.linkonce.r*)
                0x0000000000800060                . = ALIGN (0x2)
                0x0000000000800060                _edata = .
                [!provide]                        PROVIDE (__data_end, .)

.bss            0x0000000000800060        0x0
                [!provide]                        PROVIDE (__bss_start, .)
 *(.bss)
 .bss           0x0000000000800060        0x0 /usr/lib/gcc/avr/5.4.0/../../../avr/lib/avr4/crtatmega8.o
 .bss           0x0000000000800060        0x0 ./avr-ds18b20-master/include/ds18b20/ds18b20.o
 .bss           0x0000000000800060        0x0 ./avr-ds18b20-master/include/ds18b20/onewire.o
 .bss           0x0000000000800060        0x0 ./avr-ds18b20-master/include/ds18b20/romsearch.o
 .bss           0x0000000000800060        0x0 ./main.o
 .bss           0x0000000000800060        0x0 /usr/lib/gcc/avr/5.4.0/avr4/libgcc.a(_exit.o)
 .bss           0x0000000000800060        0x0 /usr/lib/gcc/avr/5.4.0/avr4/libgcc.a(_ashldi3.o)
 .bss           0x0000000000800060        0x0 /usr/lib/gcc/avr/5.4.0/avr4/libgcc.a(_cmpdi2.o)
 .bss           0x0000000000800060        0x0 /usr/lib/gcc/avr/5.4.0/avr4/libgcc.a(_cmpdi2_s8.o)
 .bss           0x0000000000800060        0x0 /usr/lib/gcc/avr/5.4.0/../../../avr/lib/avr4/libm.a(divsf3.o)
 .bss           0x0000000000800060        0x0 /usr/lib/gcc/avr/5.4.0/../../../avr/lib/avr4/libm.a(divsf3x.o)
 .bss           0x0000000000800060        0x0 /usr/lib/gcc/avr/5.4.0/../../../avr/lib/avr4/libm.a(fixunssfsi.o)
 .bss           0x0000000000800060        0x0 /usr/lib/gcc/avr/5.4.0/../../../avr/lib/avr4/libm.a(floatsisf.o)
 .bss           0x0000000000800060        0x0 /usr/lib/gcc/avr/5.4.0/../../../avr/lib/avr4/libm.a(fp_inf.o)
 .bss           0x0000000000800060        0x0 /usr/lib/gcc/avr/5.4.0/../../../avr/lib/avr4/libm.a(fp_nan.o)
 .bss           0x0000000000800060        0x0 /usr/lib/gcc/avr/5.4.0/../../../avr/lib/avr4/libm.a(fp_pscA.o)
 .bss           0x0000000000800060        0x0 /usr/lib/gcc/avr/5.4.0/../../../avr/lib/avr4/libm.a(fp_pscB.o)
 .bss           0x0000000000800060        0x0 /usr/lib/gcc/avr/5.4.0/../../../avr/lib/avr4/libm.a(fp_round.o)
 .bss           0x0000000000800060        0x0 /usr/lib/gcc/avr/5.4.0/../../../avr/lib/avr4/libm.a(fp_split3.o)
 .bss           0x0000000000800060        0x0 /usr/lib/gcc/avr/5.4.0/../../../avr/lib/avr4/libm.a(fp_zero.o)
 .bss           0x0000000000800060        0x0 /usr/lib/gcc/avr/5.4.0/../../../avr/lib/avr4/libm.a(mulsf3.o)
 .bss           0x0000000000800060        0x0 /usr/lib/gcc/avr/5.4.0/../../../avr/lib/avr4/libm.a(mulsf3x.o)
 *(.bss*)
 *(COMMON)
                [!provide]                        PROVIDE (__bss_end, .)
                0x0000000000000e6a                __data_load_start = LOADADDR (.data)
                0x0000000000000e6a                __data_load_end = (__data_load_start + SIZEOF (.data))

.noinit         0x0000000000800060        0x0
                [!provide]                        PROVIDE (__noinit_start, .)
 *(.noinit*)
                [!provide]                        PROVIDE (__noinit_end, .)
                0x0000000000800060                _end = .
                [!provide]                        PROVIDE (__heap_start, .)

.eeprom         0x0000000000810000        0x0
 *(.eeprom*)
                0x0000000000810000                __eeprom_end = .

.fuse
 *(.fuse)
 *(.lfuse)
 *(.hfuse)
 *(.efuse)

.lock
 *(.lock*)

.signature
 *(.signature*)

.user_signatures
 *(.user_signatures*)

.stab
 *(.stab)

.stabstr
 *(.stabstr)

.stab.excl
 *(.stab.excl)

.stab.exclstr
 *(.stab.exclstr)

.stab.index
 *(.stab.index)

.stab.indexstr
 *(.stab.indexstr)

.comment        0x0000000000000000       0x11
 *(.comment)
 .comment       0x0000000000000000       0x11 ./avr-ds18b20-master/include/ds18b20/ds18b20.o
                                         0x12 (size before relaxing)
 .comment       0x0000000000000011       0x12 ./avr-ds18b20-master/include/ds18b20/onewire.o
 .comment       0x0000000000000011       0x12 ./avr-ds18b20-master/include/ds18b20/romsearch.o
 .comment       0x0000000000000011       0x12 ./main.o

.note.gnu.avr.deviceinfo
                0x0000000000000000       0x3c
 .note.gnu.avr.deviceinfo
                0x0000000000000000       0x3c /usr/lib/gcc/avr/5.4.0/../../../avr/lib/avr4/crtatmega8.o

.note.gnu.build-id
 *(.note.gnu.build-id)

.debug
 *(.debug)

.line
 *(.line)

.debug_srcinfo
 *(.debug_srcinfo)

.debug_sfnames
 *(.debug_sfnames)

.debug_aranges
 *(.debug_aranges)

.debug_pubnames
 *(.debug_pubnames)

.debug_info     0x0000000000000000      0x48c
 *(.debug_info .gnu.linkonce.wi.*)
 .debug_info    0x0000000000000000      0x48c /usr/lib/gcc/avr/5.4.0/../../../avr/lib/avr4/crtatmega8.o

.debug_abbrev   0x0000000000000000      0x44e
 *(.debug_abbrev)
 .debug_abbrev  0x0000000000000000      0x44e /usr/lib/gcc/avr/5.4.0/../../../avr/lib/avr4/crtatmega8.o

.debug_line     0x0000000000000000       0x1a
 *(.debug_line .debug_line.* .debug_line_end)
 .debug_line    0x0000000000000000       0x1a /usr/lib/gcc/avr/5.4.0/../../../avr/lib/avr4/crtatmega8.o

.debug_frame
 *(.debug_frame)

.debug_str      0x0000000000000000      0x17a
 *(.debug_str)
 .debug_str     0x0000000000000000      0x17a /usr/lib/gcc/avr/5.4.0/../../../avr/lib/avr4/crtatmega8.o

.debug_loc
 *(.debug_loc)

.debug_macinfo
 *(.debug_macinfo)

.debug_weaknames
 *(.debug_weaknames)

.debug_funcnames
 *(.debug_funcnames)

.debug_typenames
 *(.debug_typenames)

.debug_varnames
 *(.debug_varnames)

.debug_pubtypes
 *(.debug_pubtypes)

.debug_ranges
 *(.debug_ranges)

.debug_macro
 *(.debug_macro)
OUTPUT(Termo.elf elf32-avr)
LOAD linker stubs
